Copyright 1986-2017 Xilinx, Inc. All Rights Reserved.
---------------------------------------------------------------------------------------
| Tool Version : Vivado v.2017.3 (win64) Build 2018833 Wed Oct  4 19:58:22 MDT 2017
| Date         : Tue Nov 28 13:45:29 2023
| Host         : DESKTOP-JSVIPOD running 64-bit major release  (build 9200)
| Command      : report_control_sets -file zynq_system_wrapper_control_sets_placed.rpt
| Design       : zynq_system_wrapper
| Device       : xc7z020
---------------------------------------------------------------------------------------

Control Set Information

Table of Contents
-----------------
1. Summary
2. Flip-Flop Distribution

1. Summary
----------

+-------------------------------+-------+
|             Status            | Count |
+-------------------------------+-------+
| Number of unique control sets |   393 |
+-------------------------------+-------+


2. Flip-Flop Distribution
-------------------------

+--------------+-----------------------+------------------------+-----------------+--------------+
| Clock Enable | Synchronous Set/Reset | Asynchronous Set/Reset | Total Registers | Total Slices |
+--------------+-----------------------+------------------------+-----------------+--------------+
| No           | No                    | No                     |              91 |           28 |
| No           | No                    | Yes                    |             384 |          166 |
| No           | Yes                   | No                     |              55 |           23 |
| Yes          | No                    | No                     |              34 |           18 |
| Yes          | No                    | Yes                    |            2190 |         1695 |
| Yes          | Yes                   | No                     |             292 |           84 |
+--------------+-----------------------+------------------------+-----------------+--------------+


